// Jest Snapshot v1, https://goo.gl/fbAQLP

exports[`CreateThought should match the snapshot 1`] = `
ShallowWrapper {
  "length": 1,
  Symbol(enzyme.__root__): [Circular],
  Symbol(enzyme.__unrendered__): <CreateThought />,
  Symbol(enzyme.__renderer__): Object {
    "batchedUpdates": [Function],
    "getNode": [Function],
    "render": [Function],
    "simulateEvent": [Function],
    "unmount": [Function],
  },
  Symbol(enzyme.__node__): Object {
    "instance": null,
    "key": undefined,
    "nodeType": "host",
    "props": Object {
      "children": <form
        onSubmit={[Function]}
>
        <input
                className="titleInput"
                name="title"
                onChange={[Function]}
                placeholder="Title"
                type="text"
                value=""
        />
        <input
                className="bodyInput"
                name="body"
                onChange={[Function]}
                placeholder="Body"
                type="text"
                value=""
        />
        <button>
                Submit
        </button>
</form>,
    },
    "ref": null,
    "rendered": Object {
      "instance": null,
      "key": undefined,
      "nodeType": "host",
      "props": Object {
        "children": Array [
          <input
            className="titleInput"
            name="title"
            onChange={[Function]}
            placeholder="Title"
            type="text"
            value=""
/>,
          <input
            className="bodyInput"
            name="body"
            onChange={[Function]}
            placeholder="Body"
            type="text"
            value=""
/>,
          <button>
            Submit
</button>,
        ],
        "onSubmit": [Function],
      },
      "ref": null,
      "rendered": Array [
        Object {
          "instance": null,
          "key": undefined,
          "nodeType": "host",
          "props": Object {
            "className": "titleInput",
            "name": "title",
            "onChange": [Function],
            "placeholder": "Title",
            "type": "text",
            "value": "",
          },
          "ref": null,
          "rendered": null,
          "type": "input",
        },
        Object {
          "instance": null,
          "key": undefined,
          "nodeType": "host",
          "props": Object {
            "className": "bodyInput",
            "name": "body",
            "onChange": [Function],
            "placeholder": "Body",
            "type": "text",
            "value": "",
          },
          "ref": null,
          "rendered": null,
          "type": "input",
        },
        Object {
          "instance": null,
          "key": undefined,
          "nodeType": "host",
          "props": Object {
            "children": "Submit",
          },
          "ref": null,
          "rendered": "Submit",
          "type": "button",
        },
      ],
      "type": "form",
    },
    "type": "div",
  },
  Symbol(enzyme.__nodes__): Array [
    Object {
      "instance": null,
      "key": undefined,
      "nodeType": "host",
      "props": Object {
        "children": <form
          onSubmit={[Function]}
>
          <input
                    className="titleInput"
                    name="title"
                    onChange={[Function]}
                    placeholder="Title"
                    type="text"
                    value=""
          />
          <input
                    className="bodyInput"
                    name="body"
                    onChange={[Function]}
                    placeholder="Body"
                    type="text"
                    value=""
          />
          <button>
                    Submit
          </button>
</form>,
      },
      "ref": null,
      "rendered": Object {
        "instance": null,
        "key": undefined,
        "nodeType": "host",
        "props": Object {
          "children": Array [
            <input
              className="titleInput"
              name="title"
              onChange={[Function]}
              placeholder="Title"
              type="text"
              value=""
/>,
            <input
              className="bodyInput"
              name="body"
              onChange={[Function]}
              placeholder="Body"
              type="text"
              value=""
/>,
            <button>
              Submit
</button>,
          ],
          "onSubmit": [Function],
        },
        "ref": null,
        "rendered": Array [
          Object {
            "instance": null,
            "key": undefined,
            "nodeType": "host",
            "props": Object {
              "className": "titleInput",
              "name": "title",
              "onChange": [Function],
              "placeholder": "Title",
              "type": "text",
              "value": "",
            },
            "ref": null,
            "rendered": null,
            "type": "input",
          },
          Object {
            "instance": null,
            "key": undefined,
            "nodeType": "host",
            "props": Object {
              "className": "bodyInput",
              "name": "body",
              "onChange": [Function],
              "placeholder": "Body",
              "type": "text",
              "value": "",
            },
            "ref": null,
            "rendered": null,
            "type": "input",
          },
          Object {
            "instance": null,
            "key": undefined,
            "nodeType": "host",
            "props": Object {
              "children": "Submit",
            },
            "ref": null,
            "rendered": "Submit",
            "type": "button",
          },
        ],
        "type": "form",
      },
      "type": "div",
    },
  ],
  Symbol(enzyme.__options__): Object {
    "adapter": ReactSixteenAdapter {
      "options": Object {
        "enableComponentDidUpdateOnSetState": true,
      },
    },
  },
}
`;
