// Jest Snapshot v1, https://goo.gl/fbAQLP

exports[`ThoughtList should match the snapshot with no thoughts 1`] = `<div />`;

exports[`ThoughtList should match the snapshot with thoughts 1`] = `<div />`;
