// Jest Snapshot v1, https://goo.gl/fbAQLP

exports[`ThoughtCard should match the snapshot 1`] = `
<div>
  <h3>
    title
  </h3>
  <p>
    body
  </p>
</div>
`;
